
[1m[46m RUN [49m[22m [36mv4.0.18 [39m[90mC:/Users/KINGPRATYUSH/OneDrive/Desktop/HiveBoard/backend[39m

 [32mΓ£ô[39m tests/auth.middleware.test.js [2m([22m[2m4 tests[22m[2m)[22m[32m 23[2mms[22m[39m
[90mstdout[2m | tests/ai.route.test.js[2m > [22m[2mAI Routes[2m > [22m[2mPOST /api/ai/chat[2m > [22m[2mshould return 500 if API key is missing
[22m[39m--- NEW AI REQUEST ---
Message: Hello
Context: None
API Key present: [33mfalse[39m

 [32mΓ£ô[39m tests/user.route.test.js [2m([22m[2m3 tests[22m[2m)[22m[32m 70[2mms[22m[39m
[90mstdout[2m | tests/ai.route.test.js[2m > [22m[2mAI Routes[2m > [22m[2mPOST /api/ai/chat[2m > [22m[2mshould return 400 if message is missing
[22m[39m--- NEW AI REQUEST ---
Message: [90mundefined[39m
Context: None
API Key present: [33mtrue[39m

[90mstdout[2m | tests/ai.route.test.js[2m > [22m[2mAI Routes[2m > [22m[2mPOST /api/ai/chat[2m > [22m[2mshould return Gemini response if successful
[22m[39m--- NEW AI REQUEST ---
Message: Hi
Context: None
API Key present: [33mtrue[39m
≡ƒñû Fetching from gemini-1.5-flash...

[90mstdout[2m | tests/ai.route.test.js[2m > [22m[2mAI Routes[2m > [22m[2mPOST /api/ai/chat[2m > [22m[2mshould return Gemini response if successful
[22m[39mΓ£à gemini-1.5-flash responded successfully.

[90mstdout[2m | tests/ai.route.test.js[2m > [22m[2mAI Routes[2m > [22m[2mPOST /api/ai/chat[2m > [22m[2mshould fallback to image generation if keyword present
[22m[39m--- NEW AI REQUEST ---
Message: Generate an image of a cat
Context: None
API Key present: [33mtrue[39m
≡ƒñû Fetching from gemini-1.5-flash...

[90mstdout[2m | tests/ai.route.test.js[2m > [22m[2mAI Routes[2m > [22m[2mPOST /api/ai/chat[2m > [22m[2mshould fallback to image generation if keyword present
[22m[39mΓ£à gemini-1.5-flash responded successfully.
≡ƒû╝∩╕Å Gemini generated image URL: https://pollinations.ai/p/art

[90mstdout[2m | tests/ai.route.test.js[2m > [22m[2mAI Routes[2m > [22m[2mPOST /api/ai/chat[2m > [22m[2mshould trigger direct image fallback if Gemini fails fully
[22m[39m--- NEW AI REQUEST ---
Message: Show me a dog
Context: None
API Key present: [33mtrue[39m
≡ƒñû Fetching from gemini-1.5-flash...

[90mstdout[2m | tests/ai.route.test.js[2m > [22m[2mAI Routes[2m > [22m[2mPOST /api/ai/chat[2m > [22m[2mshould trigger direct image fallback if Gemini fails fully
[22m[39m≡ƒñû Fetching from gemini-2.0-flash...

[90mstdout[2m | tests/ai.route.test.js[2m > [22m[2mAI Routes[2m > [22m[2mPOST /api/ai/chat[2m > [22m[2mshould trigger direct image fallback if Gemini fails fully
[22m[39m≡ƒñû Fetching from gemini-pro...

[90mstdout[2m | tests/ai.route.test.js[2m > [22m[2mAI Routes[2m > [22m[2mPOST /api/ai/chat[2m > [22m[2mshould trigger direct image fallback if Gemini fails fully
[22m[39m≡ƒû╝∩╕Å Constructed proxied image URL: /api/ai/image-proxy?url=https%3A%2F%2Fpollinations.ai%2Fp%2Fdog%3Fwidth%3D1024%26height%3D1024%26nologo%3Dtrue%26model%3Dturbo%26seed%3D55152

 [32mΓ£ô[39m tests/auth.route.test.js [2m([22m[2m4 tests[22m[2m)[22m[32m 119[2mms[22m[39m
[90mstdout[2m | tests/ai.route.test.js[2m > [22m[2mAI Routes[2m > [22m[2mGET /api/ai/image-proxy[2m > [22m[2mshould proxy image correctly
[22m[39m≡ƒû╝∩╕Å Proxying image from: http://example.com/image.png

[90mstdout[2m | tests/ai.route.test.js[2m > [22m[2mAI Routes[2m > [22m[2mGET /api/ai/image-proxy[2m > [22m[2mshould proxy image correctly
[22m[39m≡ƒôí Image response status: [33m200[39m
≡ƒôí Content-Type: image/png

[90mstdout[2m | tests/ai.route.test.js[2m > [22m[2mAI Routes[2m > [22m[2mGET /api/ai/image-proxy[2m > [22m[2mshould proxy image correctly
[22m[39mΓ£à Image proxied successfully, size: [33m15[39m bytes

 [31mΓ¥»[39m tests/invites.route.test.js [2m([22m[2m10 tests[22m[2m | [22m[31m1 failed[39m[2m)[22m[32m 164[2mms[22m[39m
       [32mΓ£ô[39m should generate invite link for meeting owner[32m 52[2mms[22m[39m
       [32mΓ£ô[39m should return 403 if not owner[32m 11[2mms[22m[39m
       [32mΓ£ô[39m should return 404 if meeting not found[32m 9[2mms[22m[39m
       [32mΓ£ô[39m should return meeting details for valid token[32m 8[2mms[22m[39m
       [32mΓ£ô[39m should return 403 if invite disabled[32m 8[2mms[22m[39m
       [32mΓ£ô[39m should return 404 if token invalid[32m 8[2mms[22m[39m
[31m       [31m├ù[31m should allow joining with valid token[39m[32m 44[2mms[22m[39m
       [32mΓ£ô[39m should return 403 if invite disabled[32m 6[2mms[22m[39m
       [32mΓ£ô[39m should toggle invite status if owner[32m 7[2mms[22m[39m
       [32mΓ£ô[39m should return 403 if not owner[32m 10[2mms[22m[39m
 [32mΓ£ô[39m tests/meetings.route.test.js [2m([22m[2m7 tests[22m[2m)[22m[32m 183[2mms[22m[39m
[90mstdout[2m | tests/ai.route.test.js[2m > [22m[2mAI Routes[2m > [22m[2mGET /api/ai/image-proxy[2m > [22m[2mshould return 500 if upstream fetch fails
[22m[39m≡ƒû╝∩╕Å Proxying image from: http://bad.url

[90mstdout[2m | tests/ai.route.test.js[2m > [22m[2mAI Routes[2m > [22m[2mGET /api/ai/image-proxy[2m > [22m[2mshould return 500 if upstream fetch fails
[22m[39m≡ƒôí Image response status: [33m404[39m
≡ƒôí Content-Type: [1mnull[22m

 [32mΓ£ô[39m tests/ai.route.test.js [2m([22m[2m8 tests[22m[2m)[22m[32m 186[2mms[22m[39m
 [32mΓ£ô[39m tests/health.test.js [2m([22m[2m1 test[22m[2m)[22m[32m 37[2mms[22m[39m

[2m Test Files [22m [1m[31m1 failed[39m[22m[2m | [22m[1m[32m6 passed[39m[22m[90m (7)[39m
[2m      Tests [22m [1m[31m1 failed[39m[22m[2m | [22m[1m[32m36 passed[39m[22m[90m (37)[39m
[2m   Start at [22m 10:34:52
[2m   Duration [22m 5.66s[2m (transform 6.55s, setup 0ms, import 29.97s, tests 781ms, environment 4ms)[22m

